DROP USER IF EXISTS test_pass;
NOTICE:  role "test_pass" does not exist, skipping
CREATE USER test_pass WITH PASSWORD 'password';
ERROR:  password is easily cracked.
DROP USER IF EXISTS test_pass;
NOTICE:  role "test_pass" does not exist, skipping
