DROP USER IF EXISTS test_pass;
NOTICE:  role "test_pass" does not exist, skipping
CREATE USER test_pass WITH PASSWORD 'aaaa';
ERROR:  password is too short.
CREATE USER test_pass WITH PASSWORD 'aaaaaaaaaaaaaaa';
ERROR:  password must contain at least 1 numeric characters.
CREATE USER test_pass WITH PASSWORD 'aaaaaaaaaaaaaaa1234';
ERROR:  password must contain at least 1 special characters.
CREATE USER test_pass WITH PASSWORD 'aaaaaaaaaaaaaaa#*#134';
ERROR:  password must contain at least 1 upper case letters.
CREATE USER test_pass WITH PASSWORD 'ASWaaaaaaaaasdf#*#134';
DROP USER IF EXISTS test_pass;
